// Jest Snapshot v1, https://goo.gl/fbAQLP

exports[`renders correctly 1`] = `
<RNCSafeAreaProvider
  onInsetsChange={[Function]}
  style={
    [
      {
        "flex": 1,
      },
      undefined,
    ]
  }
>
  <View
    collapsable={false}
    pointerEvents="box-none"
    style={
      {
        "flex": 1,
      }
    }
  >
    <View
      style={
        [
          {
            "flex": 1,
          },
          undefined,
        ]
      }
    >
      <RNSScreenStack
        style={
          {
            "flex": 1,
          }
        }
      >
        <RNSScreen
          collapsable={false}
          fullScreenSwipeShadowEnabled={false}
          gestureResponseDistance={
            {
              "bottom": -1,
              "end": -1,
              "start": -1,
              "top": -1,
            }
          }
          hasLargeHeader={false}
          nativeBackButtonDismissalEnabled={false}
          onAppear={[Function]}
          onDisappear={[Function]}
          onDismissed={[Function]}
          onGestureCancel={[Function]}
          onHeaderBackButtonClicked={[Function]}
          onNativeDismissCancelled={[Function]}
          onTransitionProgress={[Function]}
          onWillAppear={[Function]}
          onWillDisappear={[Function]}
          replaceAnimation="push"
          sheetAllowedDetents="large"
          sheetCornerRadius={-1}
          sheetExpandsWhenScrolledToEdge={true}
          sheetGrabberVisible={false}
          sheetLargestUndimmedDetent="all"
          stackPresentation="push"
          style={
            {
              "bottom": 0,
              "left": 0,
              "position": "absolute",
              "right": 0,
              "top": 0,
            }
          }
          swipeDirection="horizontal"
        >
          <View
            accessibilityElementsHidden={false}
            importantForAccessibility="auto"
            style={
              {
                "flex": 1,
                "flexDirection": "column-reverse",
              }
            }
          >
            <View
              collapsable={false}
              style={
                [
                  {
                    "flex": 1,
                  },
                  {
                    "backgroundColor": "rgb(242, 242, 242)",
                  },
                  undefined,
                ]
              }
            >
              <RCTScrollView
                contentContainerStyle={
                  [
                    {},
                    {
                      "dataSet": {},
                    },
                    {},
                  ]
                }
                dataSet={{}}
                style={
                  {
                    "backgroundColor": "#E0E0E0",
                  }
                }
              >
                <View>
                  <View
                    style={
                      [
                        {
                          "flexDirection": "column",
                        },
                        {
                          "rowGap": 1,
                        },
                      ]
                    }
                  >
                    <View
                      style={
                        [
                          {
                            "flexDirection": "row",
                          },
                          {
                            "backgroundColor": "#FFFFFF",
                            "paddingHorizontal": 16,
                            "paddingVertical": 12,
                          },
                        ]
                      }
                    >
                      <Text
                        lineHeight="32px"
                        style={
                          {
                            "color": "#1A202C",
                            "fontSize": 20,
                            "fontWeight": "500",
                          }
                        }
                      >
                        Soil Surface
                      </Text>
                    </View>
                    <View
                      accessibilityState={
                        {
                          "busy": undefined,
                          "checked": undefined,
                          "disabled": undefined,
                          "expanded": undefined,
                          "selected": undefined,
                        }
                      }
                      accessibilityValue={
                        {
                          "max": undefined,
                          "min": undefined,
                          "now": undefined,
                          "text": undefined,
                        }
                      }
                      accessible={true}
                      collapsable={false}
                      focusable={true}
                      onBlur={[Function]}
                      onClick={[Function]}
                      onFocus={[Function]}
                      onResponderGrant={[Function]}
                      onResponderMove={[Function]}
                      onResponderRelease={[Function]}
                      onResponderTerminate={[Function]}
                      onResponderTerminationRequest={[Function]}
                      onStartShouldSetResponder={[Function]}
                    >
                      <View
                        style={
                          [
                            {
                              "flexDirection": "row",
                            },
                            {
                              "backgroundColor": "#FFFFFF",
                              "padding": 15,
                            },
                          ]
                        }
                      >
                        <View
                          style={
                            {
                              "width": 37,
                            }
                          }
                        />
                        <Text
                          letterSpacing="0.17px"
                          lineHeight="20px"
                          style={
                            {
                              "color": "#1A202C",
                              "fontSize": 14,
                              "fontWeight": "700",
                              "textTransform": "uppercase",
                            }
                          }
                        >
                          Vertical Cracks
                        </Text>
                        <View
                          style={
                            {
                              "flex": 1,
                            }
                          }
                        />
                      </View>
                    </View>
                  </View>
                  <View
                    style={
                      {
                        "height": 16,
                      }
                    }
                  />
                  <View
                    style={
                      [
                        {
                          "flexDirection": "row",
                        },
                        {
                          "backgroundColor": "#FFFFFF",
                          "justifyContent": "space-between",
                          "paddingHorizontal": 16,
                          "paddingVertical": 12,
                        },
                      ]
                    }
                  >
                    <Text
                      lineHeight="32px"
                      style={
                        {
                          "color": "#1A202C",
                          "fontSize": 20,
                          "fontWeight": "500",
                        }
                      }
                    >
                      Soil Pit
                    </Text>
                  </View>
                  <View
                    style={
                      [
                        {
                          "flexDirection": "column",
                        },
                        {
                          "rowGap": 1,
                        },
                      ]
                    }
                  >
                    <View
                      style={
                        [
                          {
                            "flexDirection": "row",
                          },
                          {
                            "backgroundColor": "#00582B",
                            "justifyContent": "space-between",
                            "paddingHorizontal": 12,
                            "paddingVertical": 8,
                          },
                        ]
                      }
                    >
                      <Text
                        lineHeight="32px"
                        style={
                          {
                            "color": "#FFFFFF",
                            "fontSize": 20,
                            "fontWeight": "500",
                          }
                        }
                      >
                        0–5cm
                      </Text>
                    </View>
                    <View
                      accessibilityState={
                        {
                          "busy": undefined,
                          "checked": undefined,
                          "disabled": undefined,
                          "expanded": undefined,
                          "selected": undefined,
                        }
                      }
                      accessibilityValue={
                        {
                          "max": undefined,
                          "min": undefined,
                          "now": undefined,
                          "text": undefined,
                        }
                      }
                      accessible={true}
                      collapsable={false}
                      focusable={true}
                      onBlur={[Function]}
                      onClick={[Function]}
                      onFocus={[Function]}
                      onResponderGrant={[Function]}
                      onResponderMove={[Function]}
                      onResponderRelease={[Function]}
                      onResponderTerminate={[Function]}
                      onResponderTerminationRequest={[Function]}
                      onStartShouldSetResponder={[Function]}
                    >
                      <View
                        style={
                          [
                            {
                              "flexDirection": "row",
                            },
                            {
                              "backgroundColor": "#FFFFFF",
                              "padding": 15,
                            },
                          ]
                        }
                      >
                        <View
                          style={
                            {
                              "width": 37,
                            }
                          }
                        >
                          <Icon
                            name="radio-button-unchecked"
                            size={24}
                            style={
                              {
                                "marginTop": -3,
                              }
                            }
                          />
                        </View>
                        <Text
                          letterSpacing="0.17px"
                          lineHeight="20px"
                          style={
                            {
                              "color": "#1A202C",
                              "fontSize": 14,
                              "fontWeight": "700",
                              "textTransform": "uppercase",
                            }
                          }
                        >
                          Soil Texture
                        </Text>
                        <View
                          style={
                            {
                              "flex": 1,
                            }
                          }
                        />
                      </View>
                    </View>
                    <View
                      accessibilityState={
                        {
                          "busy": undefined,
                          "checked": undefined,
                          "disabled": undefined,
                          "expanded": undefined,
                          "selected": undefined,
                        }
                      }
                      accessibilityValue={
                        {
                          "max": undefined,
                          "min": undefined,
                          "now": undefined,
                          "text": undefined,
                        }
                      }
                      accessible={true}
                      collapsable={false}
                      focusable={true}
                      onBlur={[Function]}
                      onClick={[Function]}
                      onFocus={[Function]}
                      onResponderGrant={[Function]}
                      onResponderMove={[Function]}
                      onResponderRelease={[Function]}
                      onResponderTerminate={[Function]}
                      onResponderTerminationRequest={[Function]}
                      onStartShouldSetResponder={[Function]}
                    >
                      <View
                        style={
                          [
                            {
                              "flexDirection": "row",
                            },
                            {
                              "backgroundColor": "#FFFFFF",
                              "padding": 15,
                            },
                          ]
                        }
                      >
                        <View
                          style={
                            {
                              "width": 37,
                            }
                          }
                        >
                          <Icon
                            name="radio-button-unchecked"
                            size={24}
                            style={
                              {
                                "marginTop": -3,
                              }
                            }
                          />
                        </View>
                        <Text
                          letterSpacing="0.17px"
                          lineHeight="20px"
                          style={
                            {
                              "color": "#1A202C",
                              "fontSize": 14,
                              "fontWeight": "700",
                              "textTransform": "uppercase",
                            }
                          }
                        >
                          Rock Fragment
                        </Text>
                        <View
                          style={
                            {
                              "flex": 1,
                            }
                          }
                        />
                      </View>
                    </View>
                    <View
                      accessibilityState={
                        {
                          "busy": undefined,
                          "checked": undefined,
                          "disabled": undefined,
                          "expanded": undefined,
                          "selected": undefined,
                        }
                      }
                      accessibilityValue={
                        {
                          "max": undefined,
                          "min": undefined,
                          "now": undefined,
                          "text": undefined,
                        }
                      }
                      accessible={true}
                      collapsable={false}
                      focusable={true}
                      onBlur={[Function]}
                      onClick={[Function]}
                      onFocus={[Function]}
                      onResponderGrant={[Function]}
                      onResponderMove={[Function]}
                      onResponderRelease={[Function]}
                      onResponderTerminate={[Function]}
                      onResponderTerminationRequest={[Function]}
                      onStartShouldSetResponder={[Function]}
                    >
                      <View
                        style={
                          [
                            {
                              "flexDirection": "row",
                            },
                            {
                              "backgroundColor": "#FFFFFF",
                              "padding": 15,
                            },
                          ]
                        }
                      >
                        <View
                          style={
                            {
                              "width": 37,
                            }
                          }
                        >
                          <Icon
                            name="radio-button-unchecked"
                            size={24}
                            style={
                              {
                                "marginTop": -3,
                              }
                            }
                          />
                        </View>
                        <Text
                          letterSpacing="0.17px"
                          lineHeight="20px"
                          style={
                            {
                              "color": "#1A202C",
                              "fontSize": 14,
                              "fontWeight": "700",
                              "textTransform": "uppercase",
                            }
                          }
                        >
                          Soil Color
                        </Text>
                        <View
                          style={
                            {
                              "flex": 1,
                            }
                          }
                        />
                      </View>
                    </View>
                  </View>
                  <View
                    style={
                      [
                        {
                          "flexDirection": "column",
                        },
                        {
                          "rowGap": 1,
                        },
                      ]
                    }
                  >
                    <View
                      style={
                        [
                          {
                            "flexDirection": "row",
                          },
                          {
                            "backgroundColor": "#00582B",
                            "justifyContent": "space-between",
                            "paddingHorizontal": 12,
                            "paddingVertical": 8,
                          },
                        ]
                      }
                    >
                      <Text
                        lineHeight="32px"
                        style={
                          {
                            "color": "#FFFFFF",
                            "fontSize": 20,
                            "fontWeight": "500",
                          }
                        }
                      >
                        5–15cm
                      </Text>
                    </View>
                    <View
                      accessibilityState={
                        {
                          "busy": undefined,
                          "checked": undefined,
                          "disabled": undefined,
                          "expanded": undefined,
                          "selected": undefined,
                        }
                      }
                      accessibilityValue={
                        {
                          "max": undefined,
                          "min": undefined,
                          "now": undefined,
                          "text": undefined,
                        }
                      }
                      accessible={true}
                      collapsable={false}
                      focusable={true}
                      onBlur={[Function]}
                      onClick={[Function]}
                      onFocus={[Function]}
                      onResponderGrant={[Function]}
                      onResponderMove={[Function]}
                      onResponderRelease={[Function]}
                      onResponderTerminate={[Function]}
                      onResponderTerminationRequest={[Function]}
                      onStartShouldSetResponder={[Function]}
                    >
                      <View
                        style={
                          [
                            {
                              "flexDirection": "row",
                            },
                            {
                              "backgroundColor": "#FFFFFF",
                              "padding": 15,
                            },
                          ]
                        }
                      >
                        <View
                          style={
                            {
                              "width": 37,
                            }
                          }
                        >
                          <Icon
                            name="radio-button-unchecked"
                            size={24}
                            style={
                              {
                                "marginTop": -3,
                              }
                            }
                          />
                        </View>
                        <Text
                          letterSpacing="0.17px"
                          lineHeight="20px"
                          style={
                            {
                              "color": "#1A202C",
                              "fontSize": 14,
                              "fontWeight": "700",
                              "textTransform": "uppercase",
                            }
                          }
                        >
                          Soil Texture
                        </Text>
                        <View
                          style={
                            {
                              "flex": 1,
                            }
                          }
                        />
                      </View>
                    </View>
                    <View
                      accessibilityState={
                        {
                          "busy": undefined,
                          "checked": undefined,
                          "disabled": undefined,
                          "expanded": undefined,
                          "selected": undefined,
                        }
                      }
                      accessibilityValue={
                        {
                          "max": undefined,
                          "min": undefined,
                          "now": undefined,
                          "text": undefined,
                        }
                      }
                      accessible={true}
                      collapsable={false}
                      focusable={true}
                      onBlur={[Function]}
                      onClick={[Function]}
                      onFocus={[Function]}
                      onResponderGrant={[Function]}
                      onResponderMove={[Function]}
                      onResponderRelease={[Function]}
                      onResponderTerminate={[Function]}
                      onResponderTerminationRequest={[Function]}
                      onStartShouldSetResponder={[Function]}
                    >
                      <View
                        style={
                          [
                            {
                              "flexDirection": "row",
                            },
                            {
                              "backgroundColor": "#FFFFFF",
                              "padding": 15,
                            },
                          ]
                        }
                      >
                        <View
                          style={
                            {
                              "width": 37,
                            }
                          }
                        >
                          <Icon
                            name="radio-button-unchecked"
                            size={24}
                            style={
                              {
                                "marginTop": -3,
                              }
                            }
                          />
                        </View>
                        <Text
                          letterSpacing="0.17px"
                          lineHeight="20px"
                          style={
                            {
                              "color": "#1A202C",
                              "fontSize": 14,
                              "fontWeight": "700",
                              "textTransform": "uppercase",
                            }
                          }
                        >
                          Rock Fragment
                        </Text>
                        <View
                          style={
                            {
                              "flex": 1,
                            }
                          }
                        />
                      </View>
                    </View>
                    <View
                      accessibilityState={
                        {
                          "busy": undefined,
                          "checked": undefined,
                          "disabled": undefined,
                          "expanded": undefined,
                          "selected": undefined,
                        }
                      }
                      accessibilityValue={
                        {
                          "max": undefined,
                          "min": undefined,
                          "now": undefined,
                          "text": undefined,
                        }
                      }
                      accessible={true}
                      collapsable={false}
                      focusable={true}
                      onBlur={[Function]}
                      onClick={[Function]}
                      onFocus={[Function]}
                      onResponderGrant={[Function]}
                      onResponderMove={[Function]}
                      onResponderRelease={[Function]}
                      onResponderTerminate={[Function]}
                      onResponderTerminationRequest={[Function]}
                      onStartShouldSetResponder={[Function]}
                    >
                      <View
                        style={
                          [
                            {
                              "flexDirection": "row",
                            },
                            {
                              "backgroundColor": "#FFFFFF",
                              "padding": 15,
                            },
                          ]
                        }
                      >
                        <View
                          style={
                            {
                              "width": 37,
                            }
                          }
                        >
                          <Icon
                            name="radio-button-unchecked"
                            size={24}
                            style={
                              {
                                "marginTop": -3,
                              }
                            }
                          />
                        </View>
                        <Text
                          letterSpacing="0.17px"
                          lineHeight="20px"
                          style={
                            {
                              "color": "#1A202C",
                              "fontSize": 14,
                              "fontWeight": "700",
                              "textTransform": "uppercase",
                            }
                          }
                        >
                          Soil Color
                        </Text>
                        <View
                          style={
                            {
                              "flex": 1,
                            }
                          }
                        />
                      </View>
                    </View>
                  </View>
                  <View
                    style={
                      [
                        {
                          "flexDirection": "column",
                        },
                        {
                          "rowGap": 1,
                        },
                      ]
                    }
                  >
                    <View
                      style={
                        [
                          {
                            "flexDirection": "row",
                          },
                          {
                            "backgroundColor": "#00582B",
                            "justifyContent": "space-between",
                            "paddingHorizontal": 12,
                            "paddingVertical": 8,
                          },
                        ]
                      }
                    >
                      <Text
                        lineHeight="32px"
                        style={
                          {
                            "color": "#FFFFFF",
                            "fontSize": 20,
                            "fontWeight": "500",
                          }
                        }
                      >
                        15–30cm
                      </Text>
                    </View>
                    <View
                      accessibilityState={
                        {
                          "busy": undefined,
                          "checked": undefined,
                          "disabled": undefined,
                          "expanded": undefined,
                          "selected": undefined,
                        }
                      }
                      accessibilityValue={
                        {
                          "max": undefined,
                          "min": undefined,
                          "now": undefined,
                          "text": undefined,
                        }
                      }
                      accessible={true}
                      collapsable={false}
                      focusable={true}
                      onBlur={[Function]}
                      onClick={[Function]}
                      onFocus={[Function]}
                      onResponderGrant={[Function]}
                      onResponderMove={[Function]}
                      onResponderRelease={[Function]}
                      onResponderTerminate={[Function]}
                      onResponderTerminationRequest={[Function]}
                      onStartShouldSetResponder={[Function]}
                    >
                      <View
                        style={
                          [
                            {
                              "flexDirection": "row",
                            },
                            {
                              "backgroundColor": "#FFFFFF",
                              "padding": 15,
                            },
                          ]
                        }
                      >
                        <View
                          style={
                            {
                              "width": 37,
                            }
                          }
                        >
                          <Icon
                            name="radio-button-unchecked"
                            size={24}
                            style={
                              {
                                "marginTop": -3,
                              }
                            }
                          />
                        </View>
                        <Text
                          letterSpacing="0.17px"
                          lineHeight="20px"
                          style={
                            {
                              "color": "#1A202C",
                              "fontSize": 14,
                              "fontWeight": "700",
                              "textTransform": "uppercase",
                            }
                          }
                        >
                          Soil Texture
                        </Text>
                        <View
                          style={
                            {
                              "flex": 1,
                            }
                          }
                        />
                      </View>
                    </View>
                    <View
                      accessibilityState={
                        {
                          "busy": undefined,
                          "checked": undefined,
                          "disabled": undefined,
                          "expanded": undefined,
                          "selected": undefined,
                        }
                      }
                      accessibilityValue={
                        {
                          "max": undefined,
                          "min": undefined,
                          "now": undefined,
                          "text": undefined,
                        }
                      }
                      accessible={true}
                      collapsable={false}
                      focusable={true}
                      onBlur={[Function]}
                      onClick={[Function]}
                      onFocus={[Function]}
                      onResponderGrant={[Function]}
                      onResponderMove={[Function]}
                      onResponderRelease={[Function]}
                      onResponderTerminate={[Function]}
                      onResponderTerminationRequest={[Function]}
                      onStartShouldSetResponder={[Function]}
                    >
                      <View
                        style={
                          [
                            {
                              "flexDirection": "row",
                            },
                            {
                              "backgroundColor": "#FFFFFF",
                              "padding": 15,
                            },
                          ]
                        }
                      >
                        <View
                          style={
                            {
                              "width": 37,
                            }
                          }
                        >
                          <Icon
                            name="radio-button-unchecked"
                            size={24}
                            style={
                              {
                                "marginTop": -3,
                              }
                            }
                          />
                        </View>
                        <Text
                          letterSpacing="0.17px"
                          lineHeight="20px"
                          style={
                            {
                              "color": "#1A202C",
                              "fontSize": 14,
                              "fontWeight": "700",
                              "textTransform": "uppercase",
                            }
                          }
                        >
                          Rock Fragment
                        </Text>
                        <View
                          style={
                            {
                              "flex": 1,
                            }
                          }
                        />
                      </View>
                    </View>
                    <View
                      accessibilityState={
                        {
                          "busy": undefined,
                          "checked": undefined,
                          "disabled": undefined,
                          "expanded": undefined,
                          "selected": undefined,
                        }
                      }
                      accessibilityValue={
                        {
                          "max": undefined,
                          "min": undefined,
                          "now": undefined,
                          "text": undefined,
                        }
                      }
                      accessible={true}
                      collapsable={false}
                      focusable={true}
                      onBlur={[Function]}
                      onClick={[Function]}
                      onFocus={[Function]}
                      onResponderGrant={[Function]}
                      onResponderMove={[Function]}
                      onResponderRelease={[Function]}
                      onResponderTerminate={[Function]}
                      onResponderTerminationRequest={[Function]}
                      onStartShouldSetResponder={[Function]}
                    >
                      <View
                        style={
                          [
                            {
                              "flexDirection": "row",
                            },
                            {
                              "backgroundColor": "#FFFFFF",
                              "padding": 15,
                            },
                          ]
                        }
                      >
                        <View
                          style={
                            {
                              "width": 37,
                            }
                          }
                        >
                          <Icon
                            name="radio-button-unchecked"
                            size={24}
                            style={
                              {
                                "marginTop": -3,
                              }
                            }
                          />
                        </View>
                        <Text
                          letterSpacing="0.17px"
                          lineHeight="20px"
                          style={
                            {
                              "color": "#1A202C",
                              "fontSize": 14,
                              "fontWeight": "700",
                              "textTransform": "uppercase",
                            }
                          }
                        >
                          Soil Color
                        </Text>
                        <View
                          style={
                            {
                              "flex": 1,
                            }
                          }
                        />
                      </View>
                    </View>
                  </View>
                  <View
                    style={
                      [
                        {
                          "flexDirection": "column",
                        },
                        {
                          "rowGap": 1,
                        },
                      ]
                    }
                  >
                    <View
                      style={
                        [
                          {
                            "flexDirection": "row",
                          },
                          {
                            "backgroundColor": "#00582B",
                            "justifyContent": "space-between",
                            "paddingHorizontal": 12,
                            "paddingVertical": 8,
                          },
                        ]
                      }
                    >
                      <Text
                        lineHeight="32px"
                        style={
                          {
                            "color": "#FFFFFF",
                            "fontSize": 20,
                            "fontWeight": "500",
                          }
                        }
                      >
                        30–60cm
                      </Text>
                    </View>
                    <View
                      accessibilityState={
                        {
                          "busy": undefined,
                          "checked": undefined,
                          "disabled": undefined,
                          "expanded": undefined,
                          "selected": undefined,
                        }
                      }
                      accessibilityValue={
                        {
                          "max": undefined,
                          "min": undefined,
                          "now": undefined,
                          "text": undefined,
                        }
                      }
                      accessible={true}
                      collapsable={false}
                      focusable={true}
                      onBlur={[Function]}
                      onClick={[Function]}
                      onFocus={[Function]}
                      onResponderGrant={[Function]}
                      onResponderMove={[Function]}
                      onResponderRelease={[Function]}
                      onResponderTerminate={[Function]}
                      onResponderTerminationRequest={[Function]}
                      onStartShouldSetResponder={[Function]}
                    >
                      <View
                        style={
                          [
                            {
                              "flexDirection": "row",
                            },
                            {
                              "backgroundColor": "#FFFFFF",
                              "padding": 15,
                            },
                          ]
                        }
                      >
                        <View
                          style={
                            {
                              "width": 37,
                            }
                          }
                        >
                          <Icon
                            name="radio-button-unchecked"
                            size={24}
                            style={
                              {
                                "marginTop": -3,
                              }
                            }
                          />
                        </View>
                        <Text
                          letterSpacing="0.17px"
                          lineHeight="20px"
                          style={
                            {
                              "color": "#1A202C",
                              "fontSize": 14,
                              "fontWeight": "700",
                              "textTransform": "uppercase",
                            }
                          }
                        >
                          Soil Texture
                        </Text>
                        <View
                          style={
                            {
                              "flex": 1,
                            }
                          }
                        />
                      </View>
                    </View>
                    <View
                      accessibilityState={
                        {
                          "busy": undefined,
                          "checked": undefined,
                          "disabled": undefined,
                          "expanded": undefined,
                          "selected": undefined,
                        }
                      }
                      accessibilityValue={
                        {
                          "max": undefined,
                          "min": undefined,
                          "now": undefined,
                          "text": undefined,
                        }
                      }
                      accessible={true}
                      collapsable={false}
                      focusable={true}
                      onBlur={[Function]}
                      onClick={[Function]}
                      onFocus={[Function]}
                      onResponderGrant={[Function]}
                      onResponderMove={[Function]}
                      onResponderRelease={[Function]}
                      onResponderTerminate={[Function]}
                      onResponderTerminationRequest={[Function]}
                      onStartShouldSetResponder={[Function]}
                    >
                      <View
                        style={
                          [
                            {
                              "flexDirection": "row",
                            },
                            {
                              "backgroundColor": "#FFFFFF",
                              "padding": 15,
                            },
                          ]
                        }
                      >
                        <View
                          style={
                            {
                              "width": 37,
                            }
                          }
                        >
                          <Icon
                            name="radio-button-unchecked"
                            size={24}
                            style={
                              {
                                "marginTop": -3,
                              }
                            }
                          />
                        </View>
                        <Text
                          letterSpacing="0.17px"
                          lineHeight="20px"
                          style={
                            {
                              "color": "#1A202C",
                              "fontSize": 14,
                              "fontWeight": "700",
                              "textTransform": "uppercase",
                            }
                          }
                        >
                          Rock Fragment
                        </Text>
                        <View
                          style={
                            {
                              "flex": 1,
                            }
                          }
                        />
                      </View>
                    </View>
                    <View
                      accessibilityState={
                        {
                          "busy": undefined,
                          "checked": undefined,
                          "disabled": undefined,
                          "expanded": undefined,
                          "selected": undefined,
                        }
                      }
                      accessibilityValue={
                        {
                          "max": undefined,
                          "min": undefined,
                          "now": undefined,
                          "text": undefined,
                        }
                      }
                      accessible={true}
                      collapsable={false}
                      focusable={true}
                      onBlur={[Function]}
                      onClick={[Function]}
                      onFocus={[Function]}
                      onResponderGrant={[Function]}
                      onResponderMove={[Function]}
                      onResponderRelease={[Function]}
                      onResponderTerminate={[Function]}
                      onResponderTerminationRequest={[Function]}
                      onStartShouldSetResponder={[Function]}
                    >
                      <View
                        style={
                          [
                            {
                              "flexDirection": "row",
                            },
                            {
                              "backgroundColor": "#FFFFFF",
                              "padding": 15,
                            },
                          ]
                        }
                      >
                        <View
                          style={
                            {
                              "width": 37,
                            }
                          }
                        >
                          <Icon
                            name="radio-button-unchecked"
                            size={24}
                            style={
                              {
                                "marginTop": -3,
                              }
                            }
                          />
                        </View>
                        <Text
                          letterSpacing="0.17px"
                          lineHeight="20px"
                          style={
                            {
                              "color": "#1A202C",
                              "fontSize": 14,
                              "fontWeight": "700",
                              "textTransform": "uppercase",
                            }
                          }
                        >
                          Soil Color
                        </Text>
                        <View
                          style={
                            {
                              "flex": 1,
                            }
                          }
                        />
                      </View>
                    </View>
                  </View>
                  <View
                    style={
                      [
                        {
                          "flexDirection": "column",
                        },
                        {
                          "rowGap": 1,
                        },
                      ]
                    }
                  >
                    <View
                      style={
                        [
                          {
                            "flexDirection": "row",
                          },
                          {
                            "backgroundColor": "#00582B",
                            "justifyContent": "space-between",
                            "paddingHorizontal": 12,
                            "paddingVertical": 8,
                          },
                        ]
                      }
                    >
                      <Text
                        lineHeight="32px"
                        style={
                          {
                            "color": "#FFFFFF",
                            "fontSize": 20,
                            "fontWeight": "500",
                          }
                        }
                      >
                        60–100cm
                      </Text>
                    </View>
                    <View
                      accessibilityState={
                        {
                          "busy": undefined,
                          "checked": undefined,
                          "disabled": undefined,
                          "expanded": undefined,
                          "selected": undefined,
                        }
                      }
                      accessibilityValue={
                        {
                          "max": undefined,
                          "min": undefined,
                          "now": undefined,
                          "text": undefined,
                        }
                      }
                      accessible={true}
                      collapsable={false}
                      focusable={true}
                      onBlur={[Function]}
                      onClick={[Function]}
                      onFocus={[Function]}
                      onResponderGrant={[Function]}
                      onResponderMove={[Function]}
                      onResponderRelease={[Function]}
                      onResponderTerminate={[Function]}
                      onResponderTerminationRequest={[Function]}
                      onStartShouldSetResponder={[Function]}
                    >
                      <View
                        style={
                          [
                            {
                              "flexDirection": "row",
                            },
                            {
                              "backgroundColor": "#FFFFFF",
                              "padding": 15,
                            },
                          ]
                        }
                      >
                        <View
                          style={
                            {
                              "width": 37,
                            }
                          }
                        >
                          <Icon
                            name="radio-button-unchecked"
                            size={24}
                            style={
                              {
                                "marginTop": -3,
                              }
                            }
                          />
                        </View>
                        <Text
                          letterSpacing="0.17px"
                          lineHeight="20px"
                          style={
                            {
                              "color": "#1A202C",
                              "fontSize": 14,
                              "fontWeight": "700",
                              "textTransform": "uppercase",
                            }
                          }
                        >
                          Soil Texture
                        </Text>
                        <View
                          style={
                            {
                              "flex": 1,
                            }
                          }
                        />
                      </View>
                    </View>
                    <View
                      accessibilityState={
                        {
                          "busy": undefined,
                          "checked": undefined,
                          "disabled": undefined,
                          "expanded": undefined,
                          "selected": undefined,
                        }
                      }
                      accessibilityValue={
                        {
                          "max": undefined,
                          "min": undefined,
                          "now": undefined,
                          "text": undefined,
                        }
                      }
                      accessible={true}
                      collapsable={false}
                      focusable={true}
                      onBlur={[Function]}
                      onClick={[Function]}
                      onFocus={[Function]}
                      onResponderGrant={[Function]}
                      onResponderMove={[Function]}
                      onResponderRelease={[Function]}
                      onResponderTerminate={[Function]}
                      onResponderTerminationRequest={[Function]}
                      onStartShouldSetResponder={[Function]}
                    >
                      <View
                        style={
                          [
                            {
                              "flexDirection": "row",
                            },
                            {
                              "backgroundColor": "#FFFFFF",
                              "padding": 15,
                            },
                          ]
                        }
                      >
                        <View
                          style={
                            {
                              "width": 37,
                            }
                          }
                        >
                          <Icon
                            name="radio-button-unchecked"
                            size={24}
                            style={
                              {
                                "marginTop": -3,
                              }
                            }
                          />
                        </View>
                        <Text
                          letterSpacing="0.17px"
                          lineHeight="20px"
                          style={
                            {
                              "color": "#1A202C",
                              "fontSize": 14,
                              "fontWeight": "700",
                              "textTransform": "uppercase",
                            }
                          }
                        >
                          Rock Fragment
                        </Text>
                        <View
                          style={
                            {
                              "flex": 1,
                            }
                          }
                        />
                      </View>
                    </View>
                    <View
                      accessibilityState={
                        {
                          "busy": undefined,
                          "checked": undefined,
                          "disabled": undefined,
                          "expanded": undefined,
                          "selected": undefined,
                        }
                      }
                      accessibilityValue={
                        {
                          "max": undefined,
                          "min": undefined,
                          "now": undefined,
                          "text": undefined,
                        }
                      }
                      accessible={true}
                      collapsable={false}
                      focusable={true}
                      onBlur={[Function]}
                      onClick={[Function]}
                      onFocus={[Function]}
                      onResponderGrant={[Function]}
                      onResponderMove={[Function]}
                      onResponderRelease={[Function]}
                      onResponderTerminate={[Function]}
                      onResponderTerminationRequest={[Function]}
                      onStartShouldSetResponder={[Function]}
                    >
                      <View
                        style={
                          [
                            {
                              "flexDirection": "row",
                            },
                            {
                              "backgroundColor": "#FFFFFF",
                              "padding": 15,
                            },
                          ]
                        }
                      >
                        <View
                          style={
                            {
                              "width": 37,
                            }
                          }
                        >
                          <Icon
                            name="radio-button-unchecked"
                            size={24}
                            style={
                              {
                                "marginTop": -3,
                              }
                            }
                          />
                        </View>
                        <Text
                          letterSpacing="0.17px"
                          lineHeight="20px"
                          style={
                            {
                              "color": "#1A202C",
                              "fontSize": 14,
                              "fontWeight": "700",
                              "textTransform": "uppercase",
                            }
                          }
                        >
                          Soil Color
                        </Text>
                        <View
                          style={
                            {
                              "flex": 1,
                            }
                          }
                        />
                      </View>
                    </View>
                  </View>
                  <View
                    style={
                      [
                        {
                          "flexDirection": "column",
                        },
                        {
                          "rowGap": 1,
                        },
                      ]
                    }
                  >
                    <View
                      style={
                        [
                          {
                            "flexDirection": "row",
                          },
                          {
                            "backgroundColor": "#00582B",
                            "justifyContent": "space-between",
                            "paddingHorizontal": 12,
                            "paddingVertical": 8,
                          },
                        ]
                      }
                    >
                      <Text
                        lineHeight="32px"
                        style={
                          {
                            "color": "#FFFFFF",
                            "fontSize": 20,
                            "fontWeight": "500",
                          }
                        }
                      >
                        100–200cm
                      </Text>
                    </View>
                    <View
                      accessibilityState={
                        {
                          "busy": undefined,
                          "checked": undefined,
                          "disabled": undefined,
                          "expanded": undefined,
                          "selected": undefined,
                        }
                      }
                      accessibilityValue={
                        {
                          "max": undefined,
                          "min": undefined,
                          "now": undefined,
                          "text": undefined,
                        }
                      }
                      accessible={true}
                      collapsable={false}
                      focusable={true}
                      onBlur={[Function]}
                      onClick={[Function]}
                      onFocus={[Function]}
                      onResponderGrant={[Function]}
                      onResponderMove={[Function]}
                      onResponderRelease={[Function]}
                      onResponderTerminate={[Function]}
                      onResponderTerminationRequest={[Function]}
                      onStartShouldSetResponder={[Function]}
                    >
                      <View
                        style={
                          [
                            {
                              "flexDirection": "row",
                            },
                            {
                              "backgroundColor": "#FFFFFF",
                              "padding": 15,
                            },
                          ]
                        }
                      >
                        <View
                          style={
                            {
                              "width": 37,
                            }
                          }
                        >
                          <Icon
                            name="radio-button-unchecked"
                            size={24}
                            style={
                              {
                                "marginTop": -3,
                              }
                            }
                          />
                        </View>
                        <Text
                          letterSpacing="0.17px"
                          lineHeight="20px"
                          style={
                            {
                              "color": "#1A202C",
                              "fontSize": 14,
                              "fontWeight": "700",
                              "textTransform": "uppercase",
                            }
                          }
                        >
                          Soil Texture
                        </Text>
                        <View
                          style={
                            {
                              "flex": 1,
                            }
                          }
                        />
                      </View>
                    </View>
                    <View
                      accessibilityState={
                        {
                          "busy": undefined,
                          "checked": undefined,
                          "disabled": undefined,
                          "expanded": undefined,
                          "selected": undefined,
                        }
                      }
                      accessibilityValue={
                        {
                          "max": undefined,
                          "min": undefined,
                          "now": undefined,
                          "text": undefined,
                        }
                      }
                      accessible={true}
                      collapsable={false}
                      focusable={true}
                      onBlur={[Function]}
                      onClick={[Function]}
                      onFocus={[Function]}
                      onResponderGrant={[Function]}
                      onResponderMove={[Function]}
                      onResponderRelease={[Function]}
                      onResponderTerminate={[Function]}
                      onResponderTerminationRequest={[Function]}
                      onStartShouldSetResponder={[Function]}
                    >
                      <View
                        style={
                          [
                            {
                              "flexDirection": "row",
                            },
                            {
                              "backgroundColor": "#FFFFFF",
                              "padding": 15,
                            },
                          ]
                        }
                      >
                        <View
                          style={
                            {
                              "width": 37,
                            }
                          }
                        >
                          <Icon
                            name="radio-button-unchecked"
                            size={24}
                            style={
                              {
                                "marginTop": -3,
                              }
                            }
                          />
                        </View>
                        <Text
                          letterSpacing="0.17px"
                          lineHeight="20px"
                          style={
                            {
                              "color": "#1A202C",
                              "fontSize": 14,
                              "fontWeight": "700",
                              "textTransform": "uppercase",
                            }
                          }
                        >
                          Rock Fragment
                        </Text>
                        <View
                          style={
                            {
                              "flex": 1,
                            }
                          }
                        />
                      </View>
                    </View>
                    <View
                      accessibilityState={
                        {
                          "busy": undefined,
                          "checked": undefined,
                          "disabled": undefined,
                          "expanded": undefined,
                          "selected": undefined,
                        }
                      }
                      accessibilityValue={
                        {
                          "max": undefined,
                          "min": undefined,
                          "now": undefined,
                          "text": undefined,
                        }
                      }
                      accessible={true}
                      collapsable={false}
                      focusable={true}
                      onBlur={[Function]}
                      onClick={[Function]}
                      onFocus={[Function]}
                      onResponderGrant={[Function]}
                      onResponderMove={[Function]}
                      onResponderRelease={[Function]}
                      onResponderTerminate={[Function]}
                      onResponderTerminationRequest={[Function]}
                      onStartShouldSetResponder={[Function]}
                    >
                      <View
                        style={
                          [
                            {
                              "flexDirection": "row",
                            },
                            {
                              "backgroundColor": "#FFFFFF",
                              "padding": 15,
                            },
                          ]
                        }
                      >
                        <View
                          style={
                            {
                              "width": 37,
                            }
                          }
                        >
                          <Icon
                            name="radio-button-unchecked"
                            size={24}
                            style={
                              {
                                "marginTop": -3,
                              }
                            }
                          />
                        </View>
                        <Text
                          letterSpacing="0.17px"
                          lineHeight="20px"
                          style={
                            {
                              "color": "#1A202C",
                              "fontSize": 14,
                              "fontWeight": "700",
                              "textTransform": "uppercase",
                            }
                          }
                        >
                          Soil Color
                        </Text>
                        <View
                          style={
                            {
                              "flex": 1,
                            }
                          }
                        />
                      </View>
                    </View>
                  </View>
                </View>
              </RCTScrollView>
            </View>
          </View>
          <RNSScreenStackHeaderConfig
            backButtonInCustomView={false}
            backTitleVisible={true}
            backgroundColor="rgb(255, 255, 255)"
            color="rgb(0, 122, 255)"
            direction="ltr"
            disableBackButtonMenu={false}
            hidden={false}
            hideBackButton={false}
            largeTitleHideShadow={false}
            title="LOCATION_DASHBOARD"
            titleColor="rgb(28, 28, 30)"
            topInsetEnabled={false}
            translucent={false}
          />
        </RNSScreen>
      </RNSScreenStack>
    </View>
  </View>
</RNCSafeAreaProvider>
`;
